Archive member included because of file (symbol)

d:/avr/tools/sdk_win_64/sdk_win_64/winavr/bin/../lib/gcc/avr/4.3.3/avr5\libgcc.a(_mulsi3.o)
                              ./HAL/ICU/ICU_prog.o (__mulsi3)
d:/avr/tools/sdk_win_64/sdk_win_64/winavr/bin/../lib/gcc/avr/4.3.3/avr5\libgcc.a(_udivmodhi4.o)
                              ./HAL/GLCD/GLCD_prog.o (__udivmodhi4)
d:/avr/tools/sdk_win_64/sdk_win_64/winavr/bin/../lib/gcc/avr/4.3.3/avr5\libgcc.a(_udivmodsi4.o)
                              ./TMU/TMU_prog.o (__udivmodsi4)
d:/avr/tools/sdk_win_64/sdk_win_64/winavr/bin/../lib/gcc/avr/4.3.3/avr5\libgcc.a(_exit.o)
                              d:/avr/tools/sdk_win_64/sdk_win_64/winavr/bin/../lib/gcc/avr/4.3.3/../../../../avr/lib/avr5/crtm32.o (exit)
d:/avr/tools/sdk_win_64/sdk_win_64/winavr/bin/../lib/gcc/avr/4.3.3/avr5\libgcc.a(_copy_data.o)
                              ./MCAL/EXTI/EXTI_config.o (__do_copy_data)
d:/avr/tools/sdk_win_64/sdk_win_64/winavr/bin/../lib/gcc/avr/4.3.3/avr5\libgcc.a(_clear_bss.o)
                              ./TMU/TMU_prog.o (__do_clear_bss)
d:/avr/tools/sdk_win_64/sdk_win_64/winavr/bin/../lib/gcc/avr/4.3.3/avr5\libgcc.a(_lshrdi3.o)
                              ./MCAL/Timer0/Timer0_prog.o (__lshrdi3)
d:/avr/tools/sdk_win_64/sdk_win_64/winavr/bin/../lib/gcc/avr/4.3.3/avr5\libgcc.a(_ashldi3.o)
                              ./MCAL/Timer0/Timer0_prog.o (__ashldi3)
d:/avr/tools/sdk_win_64/sdk_win_64/winavr/bin/../lib/gcc/avr/4.3.3/avr5\libgcc.a(_fixunssfsi.o)
                              ./HAL/LCD/LCD_prog.o (__fixunssfsi)
d:/avr/tools/sdk_win_64/sdk_win_64/winavr/bin/../lib/gcc/avr/4.3.3/avr5\libgcc.a(_addsub_sf.o)
                              d:/avr/tools/sdk_win_64/sdk_win_64/winavr/bin/../lib/gcc/avr/4.3.3/avr5\libgcc.a(_fixunssfsi.o) (__subsf3)
d:/avr/tools/sdk_win_64/sdk_win_64/winavr/bin/../lib/gcc/avr/4.3.3/avr5\libgcc.a(_mul_sf.o)
                              ./HAL/LCD/LCD_prog.o (__mulsf3)
d:/avr/tools/sdk_win_64/sdk_win_64/winavr/bin/../lib/gcc/avr/4.3.3/avr5\libgcc.a(_gt_sf.o)
                              ./HAL/LCD/LCD_prog.o (__gtsf2)
d:/avr/tools/sdk_win_64/sdk_win_64/winavr/bin/../lib/gcc/avr/4.3.3/avr5\libgcc.a(_ge_sf.o)
                              d:/avr/tools/sdk_win_64/sdk_win_64/winavr/bin/../lib/gcc/avr/4.3.3/avr5\libgcc.a(_fixunssfsi.o) (__gesf2)
d:/avr/tools/sdk_win_64/sdk_win_64/winavr/bin/../lib/gcc/avr/4.3.3/avr5\libgcc.a(_lt_sf.o)
                              ./HAL/LCD/LCD_prog.o (__ltsf2)
d:/avr/tools/sdk_win_64/sdk_win_64/winavr/bin/../lib/gcc/avr/4.3.3/avr5\libgcc.a(_sf_to_si.o)
                              d:/avr/tools/sdk_win_64/sdk_win_64/winavr/bin/../lib/gcc/avr/4.3.3/avr5\libgcc.a(_fixunssfsi.o) (__fixsfsi)
d:/avr/tools/sdk_win_64/sdk_win_64/winavr/bin/../lib/gcc/avr/4.3.3/avr5\libgcc.a(_thenan_sf.o)
                              d:/avr/tools/sdk_win_64/sdk_win_64/winavr/bin/../lib/gcc/avr/4.3.3/avr5\libgcc.a(_addsub_sf.o) (__thenan_sf)
d:/avr/tools/sdk_win_64/sdk_win_64/winavr/bin/../lib/gcc/avr/4.3.3/avr5\libgcc.a(_prologue.o)
                              d:/avr/tools/sdk_win_64/sdk_win_64/winavr/bin/../lib/gcc/avr/4.3.3/avr5\libgcc.a(_addsub_sf.o) (__prologue_saves__)
d:/avr/tools/sdk_win_64/sdk_win_64/winavr/bin/../lib/gcc/avr/4.3.3/avr5\libgcc.a(_epilogue.o)
                              d:/avr/tools/sdk_win_64/sdk_win_64/winavr/bin/../lib/gcc/avr/4.3.3/avr5\libgcc.a(_addsub_sf.o) (__epilogue_restores__)
d:/avr/tools/sdk_win_64/sdk_win_64/winavr/bin/../lib/gcc/avr/4.3.3/avr5\libgcc.a(_pack_sf.o)
                              d:/avr/tools/sdk_win_64/sdk_win_64/winavr/bin/../lib/gcc/avr/4.3.3/avr5\libgcc.a(_addsub_sf.o) (__pack_f)
d:/avr/tools/sdk_win_64/sdk_win_64/winavr/bin/../lib/gcc/avr/4.3.3/avr5\libgcc.a(_unpack_sf.o)
                              d:/avr/tools/sdk_win_64/sdk_win_64/winavr/bin/../lib/gcc/avr/4.3.3/avr5\libgcc.a(_addsub_sf.o) (__unpack_f)
d:/avr/tools/sdk_win_64/sdk_win_64/winavr/bin/../lib/gcc/avr/4.3.3/avr5\libgcc.a(_fpcmp_parts_sf.o)
                              d:/avr/tools/sdk_win_64/sdk_win_64/winavr/bin/../lib/gcc/avr/4.3.3/avr5\libgcc.a(_gt_sf.o) (__fpcmp_parts_f)

Memory Configuration

Name             Origin             Length             Attributes
text             0x00000000         0x00020000         xr
data             0x00800060         0x0000ffa0         rw !x
eeprom           0x00810000         0x00010000         rw !x
fuse             0x00820000         0x00000400         rw !x
lock             0x00830000         0x00000400         rw !x
signature        0x00840000         0x00000400         rw !x
*default*        0x00000000         0xffffffff

Linker script and memory map

LOAD d:/avr/tools/sdk_win_64/sdk_win_64/winavr/bin/../lib/gcc/avr/4.3.3/../../../../avr/lib/avr5/crtm32.o
LOAD ./TMU/TMU_prog.o
LOAD ./MCAL/Timer0/Timer0_prog.o
LOAD ./MCAL/GIE/GIE_prog.o
LOAD ./MCAL/EXTI/EXTI_config.o
LOAD ./MCAL/EXTI/EXTI_prog.o
LOAD ./MCAL/DIO/DIO_prog.o
LOAD ./HAL/LCD/LCD_prog.o
LOAD ./HAL/ICU/ICU_prog.o
LOAD ./HAL/GLCD/GLCD_prog.o
LOAD ./APP/PWMDRAWER/PWMDRAWER_prog.o
LOAD ./APP/main.o
LOAD d:/avr/tools/sdk_win_64/sdk_win_64/winavr/bin/../lib/gcc/avr/4.3.3/avr5\libgcc.a
LOAD d:/avr/tools/sdk_win_64/sdk_win_64/winavr/bin/../lib/gcc/avr/4.3.3/../../../../avr/lib/avr5\libc.a
LOAD d:/avr/tools/sdk_win_64/sdk_win_64/winavr/bin/../lib/gcc/avr/4.3.3/avr5\libgcc.a

.hash
 *(.hash)

.dynsym
 *(.dynsym)

.dynstr
 *(.dynstr)

.gnu.version
 *(.gnu.version)

.gnu.version_d
 *(.gnu.version_d)

.gnu.version_r
 *(.gnu.version_r)

.rel.init
 *(.rel.init)

.rela.init
 *(.rela.init)

.rel.text
 *(.rel.text)
 *(.rel.text.*)
 *(.rel.gnu.linkonce.t*)

.rela.text
 *(.rela.text)
 *(.rela.text.*)
 *(.rela.gnu.linkonce.t*)

.rel.fini
 *(.rel.fini)

.rela.fini
 *(.rela.fini)

.rel.rodata
 *(.rel.rodata)
 *(.rel.rodata.*)
 *(.rel.gnu.linkonce.r*)

.rela.rodata
 *(.rela.rodata)
 *(.rela.rodata.*)
 *(.rela.gnu.linkonce.r*)

.rel.data
 *(.rel.data)
 *(.rel.data.*)
 *(.rel.gnu.linkonce.d*)

.rela.data
 *(.rela.data)
 *(.rela.data.*)
 *(.rela.gnu.linkonce.d*)

.rel.ctors
 *(.rel.ctors)

.rela.ctors
 *(.rela.ctors)

.rel.dtors
 *(.rel.dtors)

.rela.dtors
 *(.rela.dtors)

.rel.got
 *(.rel.got)

.rela.got
 *(.rela.got)

.rel.bss
 *(.rel.bss)

.rela.bss
 *(.rela.bss)

.rel.plt
 *(.rel.plt)

.rela.plt
 *(.rela.plt)

.text           0x00000000     0x798a
 *(.vectors)
 .vectors       0x00000000       0x54 d:/avr/tools/sdk_win_64/sdk_win_64/winavr/bin/../lib/gcc/avr/4.3.3/../../../../avr/lib/avr5/crtm32.o
                0x00000000                __vectors
                0x00000000                __vector_default
 *(.vectors)
 *(.progmem.gcc*)
 *(.progmem*)
                0x00000054                . = ALIGN (0x2)
                0x00000054                __trampolines_start = .
 *(.trampolines)
 .trampolines   0x00000054        0x0 linker stubs
 *(.trampolines*)
                0x00000054                __trampolines_end = .
 *(.jumptables)
 *(.jumptables*)
 *(.lowtext)
 *(.lowtext*)
                0x00000054                __ctors_start = .
 *(.ctors)
                0x00000054                __ctors_end = .
                0x00000054                __dtors_start = .
 *(.dtors)
                0x00000054                __dtors_end = .
 SORT(*)(.ctors)
 SORT(*)(.dtors)
 *(.init0)
 .init0         0x00000054        0x0 d:/avr/tools/sdk_win_64/sdk_win_64/winavr/bin/../lib/gcc/avr/4.3.3/../../../../avr/lib/avr5/crtm32.o
                0x00000054                __init
 *(.init0)
 *(.init1)
 *(.init1)
 *(.init2)
 .init2         0x00000054        0xc d:/avr/tools/sdk_win_64/sdk_win_64/winavr/bin/../lib/gcc/avr/4.3.3/../../../../avr/lib/avr5/crtm32.o
 *(.init2)
 *(.init3)
 *(.init3)
 *(.init4)
 .init4         0x00000060       0x16 d:/avr/tools/sdk_win_64/sdk_win_64/winavr/bin/../lib/gcc/avr/4.3.3/avr5\libgcc.a(_copy_data.o)
                0x00000060                __do_copy_data
 .init4         0x00000076       0x10 d:/avr/tools/sdk_win_64/sdk_win_64/winavr/bin/../lib/gcc/avr/4.3.3/avr5\libgcc.a(_clear_bss.o)
                0x00000076                __do_clear_bss
 *(.init4)
 *(.init5)
 *(.init5)
 *(.init6)
 *(.init6)
 *(.init7)
 *(.init7)
 *(.init8)
 *(.init8)
 *(.init9)
 .init9         0x00000086        0x8 d:/avr/tools/sdk_win_64/sdk_win_64/winavr/bin/../lib/gcc/avr/4.3.3/../../../../avr/lib/avr5/crtm32.o
 *(.init9)
 *(.text)
 .text          0x0000008e        0x4 d:/avr/tools/sdk_win_64/sdk_win_64/winavr/bin/../lib/gcc/avr/4.3.3/../../../../avr/lib/avr5/crtm32.o
                0x0000008e                __vector_12
                0x0000008e                __bad_interrupt
                0x0000008e                __vector_6
                0x0000008e                __vector_13
                0x0000008e                __vector_17
                0x0000008e                __vector_19
                0x0000008e                __vector_7
                0x0000008e                __vector_4
                0x0000008e                __vector_9
                0x0000008e                __vector_15
                0x0000008e                __vector_8
                0x0000008e                __vector_14
                0x0000008e                __vector_10
                0x0000008e                __vector_16
                0x0000008e                __vector_18
                0x0000008e                __vector_20
 .text          0x00000092        0x0 ./TMU/TMU_prog.o
 .text          0x00000092        0x0 ./MCAL/Timer0/Timer0_prog.o
 .text          0x00000092        0x0 ./MCAL/GIE/GIE_prog.o
 .text          0x00000092        0x0 ./MCAL/EXTI/EXTI_config.o
 .text          0x00000092        0x0 ./MCAL/EXTI/EXTI_prog.o
 .text          0x00000092        0x0 ./MCAL/DIO/DIO_prog.o
 .text          0x00000092        0x0 ./HAL/LCD/LCD_prog.o
 .text          0x00000092        0x0 ./HAL/ICU/ICU_prog.o
 .text          0x00000092        0x0 ./HAL/GLCD/GLCD_prog.o
 .text          0x00000092        0x0 ./APP/PWMDRAWER/PWMDRAWER_prog.o
 .text          0x00000092        0x0 ./APP/main.o
 .text          0x00000092        0x0 d:/avr/tools/sdk_win_64/sdk_win_64/winavr/bin/../lib/gcc/avr/4.3.3/avr5\libgcc.a(_mulsi3.o)
 .text          0x00000092        0x0 d:/avr/tools/sdk_win_64/sdk_win_64/winavr/bin/../lib/gcc/avr/4.3.3/avr5\libgcc.a(_udivmodhi4.o)
 .text          0x00000092        0x0 d:/avr/tools/sdk_win_64/sdk_win_64/winavr/bin/../lib/gcc/avr/4.3.3/avr5\libgcc.a(_udivmodsi4.o)
 .text          0x00000092        0x0 d:/avr/tools/sdk_win_64/sdk_win_64/winavr/bin/../lib/gcc/avr/4.3.3/avr5\libgcc.a(_exit.o)
 .text          0x00000092        0x0 d:/avr/tools/sdk_win_64/sdk_win_64/winavr/bin/../lib/gcc/avr/4.3.3/avr5\libgcc.a(_copy_data.o)
 .text          0x00000092        0x0 d:/avr/tools/sdk_win_64/sdk_win_64/winavr/bin/../lib/gcc/avr/4.3.3/avr5\libgcc.a(_clear_bss.o)
 .text          0x00000092       0xfe d:/avr/tools/sdk_win_64/sdk_win_64/winavr/bin/../lib/gcc/avr/4.3.3/avr5\libgcc.a(_lshrdi3.o)
                0x00000092                __lshrdi3
 .text          0x00000190       0xfe d:/avr/tools/sdk_win_64/sdk_win_64/winavr/bin/../lib/gcc/avr/4.3.3/avr5\libgcc.a(_ashldi3.o)
                0x00000190                __ashldi3
 .text          0x0000028e       0x58 d:/avr/tools/sdk_win_64/sdk_win_64/winavr/bin/../lib/gcc/avr/4.3.3/avr5\libgcc.a(_fixunssfsi.o)
                0x0000028e                __fixunssfsi
 .text          0x000002e6      0x354 d:/avr/tools/sdk_win_64/sdk_win_64/winavr/bin/../lib/gcc/avr/4.3.3/avr5\libgcc.a(_addsub_sf.o)
                0x0000057e                __subsf3
                0x000005e0                __addsf3
 .text          0x0000063a      0x1f4 d:/avr/tools/sdk_win_64/sdk_win_64/winavr/bin/../lib/gcc/avr/4.3.3/avr5\libgcc.a(_mul_sf.o)
                0x0000063a                __mulsf3
 .text          0x0000082e       0x60 d:/avr/tools/sdk_win_64/sdk_win_64/winavr/bin/../lib/gcc/avr/4.3.3/avr5\libgcc.a(_gt_sf.o)
                0x0000082e                __gtsf2
 .text          0x0000088e       0x60 d:/avr/tools/sdk_win_64/sdk_win_64/winavr/bin/../lib/gcc/avr/4.3.3/avr5\libgcc.a(_ge_sf.o)
                0x0000088e                __gesf2
 .text          0x000008ee       0x60 d:/avr/tools/sdk_win_64/sdk_win_64/winavr/bin/../lib/gcc/avr/4.3.3/avr5\libgcc.a(_lt_sf.o)
                0x000008ee                __ltsf2
 .text          0x0000094e       0xa8 d:/avr/tools/sdk_win_64/sdk_win_64/winavr/bin/../lib/gcc/avr/4.3.3/avr5\libgcc.a(_sf_to_si.o)
                0x0000094e                __fixsfsi
 .text          0x000009f6        0x0 d:/avr/tools/sdk_win_64/sdk_win_64/winavr/bin/../lib/gcc/avr/4.3.3/avr5\libgcc.a(_thenan_sf.o)
 .text          0x000009f6        0x0 d:/avr/tools/sdk_win_64/sdk_win_64/winavr/bin/../lib/gcc/avr/4.3.3/avr5\libgcc.a(_prologue.o)
 .text          0x000009f6        0x0 d:/avr/tools/sdk_win_64/sdk_win_64/winavr/bin/../lib/gcc/avr/4.3.3/avr5\libgcc.a(_epilogue.o)
 .text          0x000009f6      0x1aa d:/avr/tools/sdk_win_64/sdk_win_64/winavr/bin/../lib/gcc/avr/4.3.3/avr5\libgcc.a(_pack_sf.o)
                0x000009f6                __pack_f
 .text          0x00000ba0       0xf0 d:/avr/tools/sdk_win_64/sdk_win_64/winavr/bin/../lib/gcc/avr/4.3.3/avr5\libgcc.a(_unpack_sf.o)
                0x00000ba0                __unpack_f
 .text          0x00000c90       0xb2 d:/avr/tools/sdk_win_64/sdk_win_64/winavr/bin/../lib/gcc/avr/4.3.3/avr5\libgcc.a(_fpcmp_parts_sf.o)
                0x00000c90                __fpcmp_parts_f
                0x00000d42                . = ALIGN (0x2)
 *(.text.*)
 .text.TMU_vidInit
                0x00000d42       0x82 ./TMU/TMU_prog.o
                0x00000d42                TMU_vidInit
 .text.TMU_vidCreateTask
                0x00000dc4       0xce ./TMU/TMU_prog.o
                0x00000dc4                TMU_vidCreateTask
 .text.TMU_vidStartScheduler
                0x00000e92      0x166 ./TMU/TMU_prog.o
                0x00000e92                TMU_vidStartScheduler
 .text.TMU_vidDelete
                0x00000ff8       0x5e ./TMU/TMU_prog.o
                0x00000ff8                TMU_vidDelete
 .text.TMU_vidResume
                0x00001056       0x3a ./TMU/TMU_prog.o
                0x00001056                TMU_vidResume
 .text.TMU_vidPause
                0x00001090       0x3c ./TMU/TMU_prog.o
                0x00001090                TMU_vidPause
 .text.__vector_5
                0x000010cc       0x96 ./TMU/TMU_prog.o
                0x000010cc                __vector_5
 .text.Timer0_vidInit
                0x00001162       0x46 ./MCAL/Timer0/Timer0_prog.o
                0x00001162                Timer0_vidInit
 .text.Timer0_vidSetAschDelay
                0x000011a8      0x67a ./MCAL/Timer0/Timer0_prog.o
                0x000011a8                Timer0_vidSetAschDelay
 .text.Timer0_vidSetSychDelay
                0x00001822       0x22 ./MCAL/Timer0/Timer0_prog.o
                0x00001822                Timer0_vidSetSychDelay
 .text.Timer0_vidSetCompareCount
                0x00001844       0x22 ./MCAL/Timer0/Timer0_prog.o
                0x00001844                Timer0_vidSetCompareCount
 .text.Timer_vidCallBack
                0x00001866       0x2c ./MCAL/Timer0/Timer0_prog.o
                0x00001866                Timer_vidCallBack
 .text.Timer_vidSetTimerCounts
                0x00001892       0x1c ./MCAL/Timer0/Timer0_prog.o
                0x00001892                Timer_vidSetTimerCounts
 .text.Timer_u8GetTimerCounts
                0x000018ae       0x14 ./MCAL/Timer0/Timer0_prog.o
                0x000018ae                Timer_u8GetTimerCounts
 .text.Timer_vidEnableInterrupt
                0x000018c2       0x1c ./MCAL/Timer0/Timer0_prog.o
                0x000018c2                Timer_vidEnableInterrupt
 .text.Timer_vidDisableInterrupt
                0x000018de       0x1c ./MCAL/Timer0/Timer0_prog.o
                0x000018de                Timer_vidDisableInterrupt
 .text.__vector_11
                0x000018fa       0xb8 ./MCAL/Timer0/Timer0_prog.o
                0x000018fa                __vector_11
 .text.GIE_vidEnable
                0x000019b2       0x10 ./MCAL/GIE/GIE_prog.o
                0x000019b2                GIE_vidEnable
 .text.GIE_vidDisable
                0x000019c2       0x10 ./MCAL/GIE/GIE_prog.o
                0x000019c2                GIE_vidDisable
 .text.EXTI_enuInit
                0x000019d2       0xa2 ./MCAL/EXTI/EXTI_prog.o
                0x000019d2                EXTI_enuInit
 .text.EXTI_enuSetSenseLevel
                0x00001a74       0x2a ./MCAL/EXTI/EXTI_prog.o
                0x00001a74                EXTI_enuSetSenseLevel
 .text.EXTI_enuEnableInterrupt
                0x00001a9e       0x24 ./MCAL/EXTI/EXTI_prog.o
                0x00001a9e                EXTI_enuEnableInterrupt
 .text.EXTI_enuDisableInterrupt
                0x00001ac2       0x24 ./MCAL/EXTI/EXTI_prog.o
                0x00001ac2                EXTI_enuDisableInterrupt
 .text.EXTI_enuSetCallBack
                0x00001ae6       0x4c ./MCAL/EXTI/EXTI_prog.o
                0x00001ae6                EXTI_enuSetCallBack
 .text.__vector_1
                0x00001b32       0x66 ./MCAL/EXTI/EXTI_prog.o
                0x00001b32                __vector_1
 .text.__vector_2
                0x00001b98       0x66 ./MCAL/EXTI/EXTI_prog.o
                0x00001b98                __vector_2
 .text.__vector_3
                0x00001bfe       0x66 ./MCAL/EXTI/EXTI_prog.o
                0x00001bfe                __vector_3
 .text.enuSetIntMode
                0x00001c64       0xb8 ./MCAL/EXTI/EXTI_prog.o
 .text.enuSetSenseLevel
                0x00001d1c      0x162 ./MCAL/EXTI/EXTI_prog.o
 .text.DIO_enuInit
                0x00001e7e       0x18 ./MCAL/DIO/DIO_prog.o
                0x00001e7e                DIO_enuInit
 .text.DIO_enuSetPinDirection
                0x00001e96      0x1d8 ./MCAL/DIO/DIO_prog.o
                0x00001e96                DIO_enuSetPinDirection
 .text.DIO_enuSetPinValue
                0x0000206e      0x1fc ./MCAL/DIO/DIO_prog.o
                0x0000206e                DIO_enuSetPinValue
 .text.DIO_enuTogglePinValue
                0x0000226a      0x11c ./MCAL/DIO/DIO_prog.o
                0x0000226a                DIO_enuTogglePinValue
 .text.DIO_enuGetPinValue
                0x00002386      0x13c ./MCAL/DIO/DIO_prog.o
                0x00002386                DIO_enuGetPinValue
 .text.LCD_enuInit
                0x000024c2      0x2b6 ./HAL/LCD/LCD_prog.o
                0x000024c2                LCD_enuInit
 .text.LCD_enuSendCommand
                0x00002778       0x2c ./HAL/LCD/LCD_prog.o
                0x00002778                LCD_enuSendCommand
 .text.LCD_enuSendData
                0x000027a4       0x2c ./HAL/LCD/LCD_prog.o
                0x000027a4                LCD_enuSendData
 .text.LCD_enuSendString
                0x000027d0       0x46 ./HAL/LCD/LCD_prog.o
                0x000027d0                LCD_enuSendString
 .text.LCD_enuGotoXY
                0x00002816       0x70 ./HAL/LCD/LCD_prog.o
                0x00002816                LCD_enuGotoXY
 .text.enuWriteNLatch
                0x00002886      0x3b4 ./HAL/LCD/LCD_prog.o
 .text.ICU_vidInit
                0x00002c3a       0x42 ./HAL/ICU/ICU_prog.o
                0x00002c3a                ICU_vidInit
 .text.ICU_vidCalculatePWMParams
                0x00002c7c       0xfa ./HAL/ICU/ICU_prog.o
                0x00002c7c                ICU_vidCalculatePWMParams
 .text.ICU_vidStartCapture
                0x00002d76       0x24 ./HAL/ICU/ICU_prog.o
                0x00002d76                ICU_vidStartCapture
 .text.ICU_u8GetDutyCycle
                0x00002d9a       0x26 ./HAL/ICU/ICU_prog.o
                0x00002d9a                ICU_u8GetDutyCycle
 .text.ICU_u16GetFrequency
                0x00002dc0       0x34 ./HAL/ICU/ICU_prog.o
                0x00002dc0                ICU_u16GetFrequency
 .text.vidTimerCallBack
                0x00002df4       0x20 ./HAL/ICU/ICU_prog.o
 .text.vidReadingTask
                0x00002e14       0xaa ./HAL/ICU/ICU_prog.o
 .text.GOTOX    0x00002ebe      0x288 ./HAL/GLCD/GLCD_prog.o
 .text.GOTOY    0x00003146      0x72a ./HAL/GLCD/GLCD_prog.o
 .text.getPage  0x00003870       0x12 ./HAL/GLCD/GLCD_prog.o
 .text.getAddress
                0x00003882       0x12 ./HAL/GLCD/GLCD_prog.o
 .text.GLCD_enuInit
                0x00003894      0x4e6 ./HAL/GLCD/GLCD_prog.o
                0x00003894                GLCD_enuInit
 .text.GLCD_enuSetAddress
                0x00003d7a      0x5a4 ./HAL/GLCD/GLCD_prog.o
                0x00003d7a                GLCD_enuSetAddress
 .text.GLCD_enuSetPage
                0x0000431e      0x36a ./HAL/GLCD/GLCD_prog.o
                0x0000431e                GLCD_enuSetPage
 .text.GLCD_enuDisplayStartLine
                0x00004688      0x28e ./HAL/GLCD/GLCD_prog.o
                0x00004688                GLCD_enuDisplayStartLine
 .text.enuWriteData
                0x00004916      0x938 ./HAL/GLCD/GLCD_prog.o
 .text.enuDrawChar
                0x0000524e     0x1fb6 ./HAL/GLCD/GLCD_prog.o
 .text.GLCD_enuSendString
                0x00007204       0x42 ./HAL/GLCD/GLCD_prog.o
                0x00007204                GLCD_enuSendString
 .text.GLCD_DisplayNum
                0x00007246       0xa6 ./HAL/GLCD/GLCD_prog.o
                0x00007246                GLCD_DisplayNum
 .text.PWMDRAWER_enuInit
                0x000072ec      0x120 ./APP/PWMDRAWER/PWMDRAWER_prog.o
                0x000072ec                PWMDRAWER_enuInit
 .text.PWMDRAWER_DrawDC_FREQ
                0x0000740c      0x310 ./APP/PWMDRAWER/PWMDRAWER_prog.o
                0x0000740c                PWMDRAWER_DrawDC_FREQ
 .text.PWMDRAWER_DrawGLCD
                0x0000771c       0xaa ./APP/PWMDRAWER/PWMDRAWER_prog.o
                0x0000771c                PWMDRAWER_DrawGLCD
 .text.PWMDRAWER_DrawLCD
                0x000077c6       0x92 ./APP/PWMDRAWER/PWMDRAWER_prog.o
                0x000077c6                PWMDRAWER_DrawLCD
 .text.main     0x00007858       0x16 ./APP/main.o
                0x00007858                main
 .text.libgcc   0x0000786e       0x3e d:/avr/tools/sdk_win_64/sdk_win_64/winavr/bin/../lib/gcc/avr/4.3.3/avr5\libgcc.a(_mulsi3.o)
                0x0000786e                __mulsi3
 .text.libgcc   0x000078ac       0x28 d:/avr/tools/sdk_win_64/sdk_win_64/winavr/bin/../lib/gcc/avr/4.3.3/avr5\libgcc.a(_udivmodhi4.o)
                0x000078ac                __udivmodhi4
 .text.libgcc   0x000078d4       0x44 d:/avr/tools/sdk_win_64/sdk_win_64/winavr/bin/../lib/gcc/avr/4.3.3/avr5\libgcc.a(_udivmodsi4.o)
                0x000078d4                __udivmodsi4
 .text.libgcc   0x00007918        0x0 d:/avr/tools/sdk_win_64/sdk_win_64/winavr/bin/../lib/gcc/avr/4.3.3/avr5\libgcc.a(_exit.o)
 .text.libgcc   0x00007918        0x0 d:/avr/tools/sdk_win_64/sdk_win_64/winavr/bin/../lib/gcc/avr/4.3.3/avr5\libgcc.a(_copy_data.o)
 .text.libgcc   0x00007918        0x0 d:/avr/tools/sdk_win_64/sdk_win_64/winavr/bin/../lib/gcc/avr/4.3.3/avr5\libgcc.a(_clear_bss.o)
 .text.libgcc   0x00007918       0x38 d:/avr/tools/sdk_win_64/sdk_win_64/winavr/bin/../lib/gcc/avr/4.3.3/avr5\libgcc.a(_prologue.o)
                0x00007918                __prologue_saves__
 .text.libgcc   0x00007950       0x36 d:/avr/tools/sdk_win_64/sdk_win_64/winavr/bin/../lib/gcc/avr/4.3.3/avr5\libgcc.a(_epilogue.o)
                0x00007950                __epilogue_restores__
                0x00007986                . = ALIGN (0x2)
 *(.fini9)
 .fini9         0x00007986        0x0 d:/avr/tools/sdk_win_64/sdk_win_64/winavr/bin/../lib/gcc/avr/4.3.3/avr5\libgcc.a(_exit.o)
                0x00007986                exit
                0x00007986                _exit
 *(.fini9)
 *(.fini8)
 *(.fini8)
 *(.fini7)
 *(.fini7)
 *(.fini6)
 *(.fini6)
 *(.fini5)
 *(.fini5)
 *(.fini4)
 *(.fini4)
 *(.fini3)
 *(.fini3)
 *(.fini2)
 *(.fini2)
 *(.fini1)
 *(.fini1)
 *(.fini0)
 .fini0         0x00007986        0x4 d:/avr/tools/sdk_win_64/sdk_win_64/winavr/bin/../lib/gcc/avr/4.3.3/avr5\libgcc.a(_exit.o)
 *(.fini0)
                0x0000798a                _etext = .

.data           0x00800060      0x116 load address 0x0000798a
                0x00800060                PROVIDE (__data_start, .)
 *(.data)
 .data          0x00800060        0x0 d:/avr/tools/sdk_win_64/sdk_win_64/winavr/bin/../lib/gcc/avr/4.3.3/../../../../avr/lib/avr5/crtm32.o
 .data          0x00800060        0x0 ./TMU/TMU_prog.o
 .data          0x00800060        0x0 ./MCAL/Timer0/Timer0_prog.o
 .data          0x00800060        0x0 ./MCAL/GIE/GIE_prog.o
 .data          0x00800060        0x0 ./MCAL/EXTI/EXTI_config.o
 .data          0x00800060        0x0 ./MCAL/EXTI/EXTI_prog.o
 .data          0x00800060        0x0 ./MCAL/DIO/DIO_prog.o
 .data          0x00800060        0x0 ./HAL/LCD/LCD_prog.o
 .data          0x00800060        0x0 ./HAL/ICU/ICU_prog.o
 .data          0x00800060        0x0 ./HAL/GLCD/GLCD_prog.o
 .data          0x00800060       0x59 ./APP/PWMDRAWER/PWMDRAWER_prog.o
 .data          0x008000b9        0x0 ./APP/main.o
 .data          0x008000b9        0x0 d:/avr/tools/sdk_win_64/sdk_win_64/winavr/bin/../lib/gcc/avr/4.3.3/avr5\libgcc.a(_mulsi3.o)
 .data          0x008000b9        0x0 d:/avr/tools/sdk_win_64/sdk_win_64/winavr/bin/../lib/gcc/avr/4.3.3/avr5\libgcc.a(_udivmodhi4.o)
 .data          0x008000b9        0x0 d:/avr/tools/sdk_win_64/sdk_win_64/winavr/bin/../lib/gcc/avr/4.3.3/avr5\libgcc.a(_udivmodsi4.o)
 .data          0x008000b9        0x0 d:/avr/tools/sdk_win_64/sdk_win_64/winavr/bin/../lib/gcc/avr/4.3.3/avr5\libgcc.a(_exit.o)
 .data          0x008000b9        0x0 d:/avr/tools/sdk_win_64/sdk_win_64/winavr/bin/../lib/gcc/avr/4.3.3/avr5\libgcc.a(_copy_data.o)
 .data          0x008000b9        0x0 d:/avr/tools/sdk_win_64/sdk_win_64/winavr/bin/../lib/gcc/avr/4.3.3/avr5\libgcc.a(_clear_bss.o)
 .data          0x008000b9        0x0 d:/avr/tools/sdk_win_64/sdk_win_64/winavr/bin/../lib/gcc/avr/4.3.3/avr5\libgcc.a(_lshrdi3.o)
 .data          0x008000b9        0x0 d:/avr/tools/sdk_win_64/sdk_win_64/winavr/bin/../lib/gcc/avr/4.3.3/avr5\libgcc.a(_ashldi3.o)
 .data          0x008000b9        0x0 d:/avr/tools/sdk_win_64/sdk_win_64/winavr/bin/../lib/gcc/avr/4.3.3/avr5\libgcc.a(_fixunssfsi.o)
 .data          0x008000b9        0x0 d:/avr/tools/sdk_win_64/sdk_win_64/winavr/bin/../lib/gcc/avr/4.3.3/avr5\libgcc.a(_addsub_sf.o)
 .data          0x008000b9        0x0 d:/avr/tools/sdk_win_64/sdk_win_64/winavr/bin/../lib/gcc/avr/4.3.3/avr5\libgcc.a(_mul_sf.o)
 .data          0x008000b9        0x0 d:/avr/tools/sdk_win_64/sdk_win_64/winavr/bin/../lib/gcc/avr/4.3.3/avr5\libgcc.a(_gt_sf.o)
 .data          0x008000b9        0x0 d:/avr/tools/sdk_win_64/sdk_win_64/winavr/bin/../lib/gcc/avr/4.3.3/avr5\libgcc.a(_ge_sf.o)
 .data          0x008000b9        0x0 d:/avr/tools/sdk_win_64/sdk_win_64/winavr/bin/../lib/gcc/avr/4.3.3/avr5\libgcc.a(_lt_sf.o)
 .data          0x008000b9        0x0 d:/avr/tools/sdk_win_64/sdk_win_64/winavr/bin/../lib/gcc/avr/4.3.3/avr5\libgcc.a(_sf_to_si.o)
 .data          0x008000b9        0x8 d:/avr/tools/sdk_win_64/sdk_win_64/winavr/bin/../lib/gcc/avr/4.3.3/avr5\libgcc.a(_thenan_sf.o)
                0x008000b9                __thenan_sf
 .data          0x008000c1        0x0 d:/avr/tools/sdk_win_64/sdk_win_64/winavr/bin/../lib/gcc/avr/4.3.3/avr5\libgcc.a(_prologue.o)
 .data          0x008000c1        0x0 d:/avr/tools/sdk_win_64/sdk_win_64/winavr/bin/../lib/gcc/avr/4.3.3/avr5\libgcc.a(_epilogue.o)
 .data          0x008000c1        0x0 d:/avr/tools/sdk_win_64/sdk_win_64/winavr/bin/../lib/gcc/avr/4.3.3/avr5\libgcc.a(_pack_sf.o)
 .data          0x008000c1        0x0 d:/avr/tools/sdk_win_64/sdk_win_64/winavr/bin/../lib/gcc/avr/4.3.3/avr5\libgcc.a(_unpack_sf.o)
 .data          0x008000c1        0x0 d:/avr/tools/sdk_win_64/sdk_win_64/winavr/bin/../lib/gcc/avr/4.3.3/avr5\libgcc.a(_fpcmp_parts_sf.o)
 *(.data*)
 .data.EXTI_u8EXTIPinNum
                0x008000c1        0x1 ./MCAL/EXTI/EXTI_config.o
                0x008000c1                EXTI_u8EXTIPinNum
 .data.EXTI_astrEXTIConfig
                0x008000c2        0x9 ./MCAL/EXTI/EXTI_config.o
                0x008000c2                EXTI_astrEXTIConfig
 .data.LOC_enuICUStateMachine
                0x008000cb        0x1 ./HAL/ICU/ICU_prog.o
 .data.LOC_u8DutyCycle
                0x008000cc        0x1 ./HAL/ICU/ICU_prog.o
 .data.LOC_u16Frequency
                0x008000cd        0x2 ./HAL/ICU/ICU_prog.o
 *(.rodata)
 *(.rodata*)
 .rodata.C.77.1996
                0x008000cf        0x5 ./HAL/GLCD/GLCD_prog.o
 .rodata.C.75.1993
                0x008000d4        0x5 ./HAL/GLCD/GLCD_prog.o
 .rodata.C.73.1990
                0x008000d9        0x5 ./HAL/GLCD/GLCD_prog.o
 .rodata.C.71.1987
                0x008000de        0x8 ./HAL/GLCD/GLCD_prog.o
 .rodata.C.69.1984
                0x008000e6        0x8 ./HAL/GLCD/GLCD_prog.o
 .rodata.C.67.1981
                0x008000ee        0x5 ./HAL/GLCD/GLCD_prog.o
 .rodata.C.65.1978
                0x008000f3        0x5 ./HAL/GLCD/GLCD_prog.o
 .rodata.C.63.1975
                0x008000f8        0x5 ./HAL/GLCD/GLCD_prog.o
 .rodata.C.61.1972
                0x008000fd        0x5 ./HAL/GLCD/GLCD_prog.o
 .rodata.C.59.1969
                0x00800102        0x5 ./HAL/GLCD/GLCD_prog.o
 .rodata.C.57.1966
                0x00800107        0x5 ./HAL/GLCD/GLCD_prog.o
 .rodata.C.55.1963
                0x0080010c        0x5 ./HAL/GLCD/GLCD_prog.o
 .rodata.C.53.1960
                0x00800111        0x5 ./HAL/GLCD/GLCD_prog.o
 .rodata.C.51.1957
                0x00800116        0x5 ./HAL/GLCD/GLCD_prog.o
 .rodata.C.49.1954
                0x0080011b        0x5 ./HAL/GLCD/GLCD_prog.o
 .rodata.C.47.1951
                0x00800120        0x3 ./HAL/GLCD/GLCD_prog.o
 .rodata.C.45.1948
                0x00800123        0x3 ./HAL/GLCD/GLCD_prog.o
 .rodata.C.43.1945
                0x00800126        0x5 ./HAL/GLCD/GLCD_prog.o
 .rodata.C.41.1942
                0x0080012b        0x5 ./HAL/GLCD/GLCD_prog.o
 .rodata.C.39.1939
                0x00800130        0x5 ./HAL/GLCD/GLCD_prog.o
 .rodata.C.37.1936
                0x00800135        0x5 ./HAL/GLCD/GLCD_prog.o
 .rodata.C.35.1933
                0x0080013a        0x5 ./HAL/GLCD/GLCD_prog.o
 .rodata.C.33.1930
                0x0080013f        0x5 ./HAL/GLCD/GLCD_prog.o
 .rodata.C.31.1927
                0x00800144        0x5 ./HAL/GLCD/GLCD_prog.o
 .rodata.C.29.1924
                0x00800149        0x5 ./HAL/GLCD/GLCD_prog.o
 .rodata.C.27.1921
                0x0080014e        0x5 ./HAL/GLCD/GLCD_prog.o
 .rodata.C.25.1918
                0x00800153        0x5 ./HAL/GLCD/GLCD_prog.o
 .rodata.C.23.1915
                0x00800158        0x5 ./HAL/GLCD/GLCD_prog.o
 .rodata.C.21.1912
                0x0080015d        0x5 ./HAL/GLCD/GLCD_prog.o
 .rodata.C.19.1909
                0x00800162        0x5 ./HAL/GLCD/GLCD_prog.o
 .rodata.C.17.1906
                0x00800167        0x5 ./HAL/GLCD/GLCD_prog.o
 .rodata.C.15.1903
                0x0080016c        0x5 ./HAL/GLCD/GLCD_prog.o
 .rodata.C.13.1900
                0x00800171        0x5 ./HAL/GLCD/GLCD_prog.o
 *(.gnu.linkonce.d*)
                0x00800176                . = ALIGN (0x2)
                0x00800176                _edata = .
                0x00800176                PROVIDE (__data_end, .)

.bss            0x00800176       0x40
                0x00800176                PROVIDE (__bss_start, .)
 *(.bss)
 .bss           0x00800176        0x0 d:/avr/tools/sdk_win_64/sdk_win_64/winavr/bin/../lib/gcc/avr/4.3.3/../../../../avr/lib/avr5/crtm32.o
 .bss           0x00800176        0x0 ./TMU/TMU_prog.o
 .bss           0x00800176        0x0 ./MCAL/Timer0/Timer0_prog.o
 .bss           0x00800176        0x0 ./MCAL/GIE/GIE_prog.o
 .bss           0x00800176        0x0 ./MCAL/EXTI/EXTI_config.o
 .bss           0x00800176        0x0 ./MCAL/EXTI/EXTI_prog.o
 .bss           0x00800176        0x0 ./MCAL/DIO/DIO_prog.o
 .bss           0x00800176        0x0 ./HAL/LCD/LCD_prog.o
 .bss           0x00800176        0x0 ./HAL/ICU/ICU_prog.o
 .bss           0x00800176        0x0 ./HAL/GLCD/GLCD_prog.o
 .bss           0x00800176        0x0 ./APP/PWMDRAWER/PWMDRAWER_prog.o
 .bss           0x00800176        0x0 ./APP/main.o
 .bss           0x00800176        0x0 d:/avr/tools/sdk_win_64/sdk_win_64/winavr/bin/../lib/gcc/avr/4.3.3/avr5\libgcc.a(_mulsi3.o)
 .bss           0x00800176        0x0 d:/avr/tools/sdk_win_64/sdk_win_64/winavr/bin/../lib/gcc/avr/4.3.3/avr5\libgcc.a(_udivmodhi4.o)
 .bss           0x00800176        0x0 d:/avr/tools/sdk_win_64/sdk_win_64/winavr/bin/../lib/gcc/avr/4.3.3/avr5\libgcc.a(_udivmodsi4.o)
 .bss           0x00800176        0x0 d:/avr/tools/sdk_win_64/sdk_win_64/winavr/bin/../lib/gcc/avr/4.3.3/avr5\libgcc.a(_exit.o)
 .bss           0x00800176        0x0 d:/avr/tools/sdk_win_64/sdk_win_64/winavr/bin/../lib/gcc/avr/4.3.3/avr5\libgcc.a(_copy_data.o)
 .bss           0x00800176        0x0 d:/avr/tools/sdk_win_64/sdk_win_64/winavr/bin/../lib/gcc/avr/4.3.3/avr5\libgcc.a(_clear_bss.o)
 .bss           0x00800176        0x0 d:/avr/tools/sdk_win_64/sdk_win_64/winavr/bin/../lib/gcc/avr/4.3.3/avr5\libgcc.a(_lshrdi3.o)
 .bss           0x00800176        0x0 d:/avr/tools/sdk_win_64/sdk_win_64/winavr/bin/../lib/gcc/avr/4.3.3/avr5\libgcc.a(_ashldi3.o)
 .bss           0x00800176        0x0 d:/avr/tools/sdk_win_64/sdk_win_64/winavr/bin/../lib/gcc/avr/4.3.3/avr5\libgcc.a(_fixunssfsi.o)
 .bss           0x00800176        0x0 d:/avr/tools/sdk_win_64/sdk_win_64/winavr/bin/../lib/gcc/avr/4.3.3/avr5\libgcc.a(_addsub_sf.o)
 .bss           0x00800176        0x0 d:/avr/tools/sdk_win_64/sdk_win_64/winavr/bin/../lib/gcc/avr/4.3.3/avr5\libgcc.a(_mul_sf.o)
 .bss           0x00800176        0x0 d:/avr/tools/sdk_win_64/sdk_win_64/winavr/bin/../lib/gcc/avr/4.3.3/avr5\libgcc.a(_gt_sf.o)
 .bss           0x00800176        0x0 d:/avr/tools/sdk_win_64/sdk_win_64/winavr/bin/../lib/gcc/avr/4.3.3/avr5\libgcc.a(_ge_sf.o)
 .bss           0x00800176        0x0 d:/avr/tools/sdk_win_64/sdk_win_64/winavr/bin/../lib/gcc/avr/4.3.3/avr5\libgcc.a(_lt_sf.o)
 .bss           0x00800176        0x0 d:/avr/tools/sdk_win_64/sdk_win_64/winavr/bin/../lib/gcc/avr/4.3.3/avr5\libgcc.a(_sf_to_si.o)
 .bss           0x00800176        0x0 d:/avr/tools/sdk_win_64/sdk_win_64/winavr/bin/../lib/gcc/avr/4.3.3/avr5\libgcc.a(_thenan_sf.o)
 .bss           0x00800176        0x0 d:/avr/tools/sdk_win_64/sdk_win_64/winavr/bin/../lib/gcc/avr/4.3.3/avr5\libgcc.a(_prologue.o)
 .bss           0x00800176        0x0 d:/avr/tools/sdk_win_64/sdk_win_64/winavr/bin/../lib/gcc/avr/4.3.3/avr5\libgcc.a(_epilogue.o)
 .bss           0x00800176        0x0 d:/avr/tools/sdk_win_64/sdk_win_64/winavr/bin/../lib/gcc/avr/4.3.3/avr5\libgcc.a(_pack_sf.o)
 .bss           0x00800176        0x0 d:/avr/tools/sdk_win_64/sdk_win_64/winavr/bin/../lib/gcc/avr/4.3.3/avr5\libgcc.a(_unpack_sf.o)
 .bss           0x00800176        0x0 d:/avr/tools/sdk_win_64/sdk_win_64/winavr/bin/../lib/gcc/avr/4.3.3/avr5\libgcc.a(_fpcmp_parts_sf.o)
 *(.bss*)
 .bss.LOC_u16NumOfOvfs
                0x00800176        0x2 ./TMU/TMU_prog.o
 .bss.LOC_u16CountISRs
                0x00800178        0x2 ./TMU/TMU_prog.o
 .bss.LOC_u8Preload
                0x0080017a        0x1 ./TMU/TMU_prog.o
 .bss.LOC_u32OsTicks
                0x0080017b        0x4 ./TMU/TMU_prog.o
 .bss.LOC_astrTasks
                0x0080017f       0x1c ./TMU/TMU_prog.o
 .bss.Timer0_pfunOvfISRFun
                0x0080019b        0x2 ./MCAL/Timer0/Timer0_prog.o
 .bss.Timer_pfunCallBack
                0x0080019d        0x2 ./MCAL/Timer0/Timer0_prog.o
 .bss.Timer0_u16OvfCounts
                0x0080019f        0x2 ./MCAL/Timer0/Timer0_prog.o
 .bss.Timer0_u8Preload
                0x008001a1        0x1 ./MCAL/Timer0/Timer0_prog.o
 .bss.Timer0_u16ISRCounter
                0x008001a2        0x2 ./MCAL/Timer0/Timer0_prog.o
 .bss.Timer0_u8CTCValue
                0x008001a4        0x1 ./MCAL/Timer0/Timer0_prog.o
 .bss.LOC_pfunISRFun
                0x008001a5        0x6 ./MCAL/EXTI/EXTI_prog.o
 .bss.LOC_strICUParams
                0x008001ab        0x6 ./HAL/ICU/ICU_prog.o
 .bss.LOC_u16TimerOvfCounts
                0x008001b1        0x2 ./HAL/ICU/ICU_prog.o
 .bss.LOCAL_u8Counter
                0x008001b3        0x1 ./HAL/GLCD/GLCD_prog.o
 .bss.LOCAL_u8Page
                0x008001b4        0x1 ./HAL/GLCD/GLCD_prog.o
 .bss.LOCAL_u8Address
                0x008001b5        0x1 ./HAL/GLCD/GLCD_prog.o
 *(COMMON)
                0x008001b6                PROVIDE (__bss_end, .)
                0x0000798a                __data_load_start = LOADADDR (.data)
                0x00007aa0                __data_load_end = (__data_load_start + SIZEOF (.data))

.noinit         0x008001b6        0x0
                0x008001b6                PROVIDE (__noinit_start, .)
 *(.noinit*)
                0x008001b6                PROVIDE (__noinit_end, .)
                0x008001b6                _end = .
                0x008001b6                PROVIDE (__heap_start, .)

.eeprom         0x00810000        0x0
 *(.eeprom*)
                0x00810000                __eeprom_end = .

.fuse
 *(.fuse)
 *(.lfuse)
 *(.hfuse)
 *(.efuse)

.lock
 *(.lock*)

.signature
 *(.signature*)

.stab           0x00000000     0x612c
 *(.stab)
 .stab          0x00000000      0x540 ./TMU/TMU_prog.o
 .stab          0x00000540      0x4e0 ./MCAL/Timer0/Timer0_prog.o
                                0x4ec (size before relaxing)
 .stab          0x00000a20      0x138 ./MCAL/GIE/GIE_prog.o
                                0x144 (size before relaxing)
 .stab          0x00000b58      0x1f8 ./MCAL/EXTI/EXTI_config.o
                                0x204 (size before relaxing)
 .stab          0x00000d50      0x690 ./MCAL/EXTI/EXTI_prog.o
                                0x780 (size before relaxing)
 .stab          0x000013e0      0x630 ./MCAL/DIO/DIO_prog.o
                                0x63c (size before relaxing)
 .stab          0x00001a10      0xb40 ./HAL/LCD/LCD_prog.o
                                0xb4c (size before relaxing)
 .stab          0x00002550      0x57c ./HAL/ICU/ICU_prog.o
                                0x588 (size before relaxing)
 .stab          0x00002acc     0x2c34 ./HAL/GLCD/GLCD_prog.o
                               0x2dc0 (size before relaxing)
 .stab          0x00005700      0x7f8 ./APP/PWMDRAWER/PWMDRAWER_prog.o
                                0x990 (size before relaxing)
 .stab          0x00005ef8      0x234 ./APP/main.o
                                0x3cc (size before relaxing)

.stabstr        0x00000000     0x1cd1
 *(.stabstr)
 .stabstr       0x00000000     0x1cd1 ./TMU/TMU_prog.o

.stab.excl
 *(.stab.excl)

.stab.exclstr
 *(.stab.exclstr)

.stab.index
 *(.stab.index)

.stab.indexstr
 *(.stab.indexstr)

.comment
 *(.comment)

.debug
 *(.debug)

.line
 *(.line)

.debug_srcinfo
 *(.debug_srcinfo)

.debug_sfnames
 *(.debug_sfnames)

.debug_aranges  0x00000000      0x180
 *(.debug_aranges)
 .debug_aranges
                0x00000000       0x20 d:/avr/tools/sdk_win_64/sdk_win_64/winavr/bin/../lib/gcc/avr/4.3.3/avr5\libgcc.a(_lshrdi3.o)
 .debug_aranges
                0x00000020       0x20 d:/avr/tools/sdk_win_64/sdk_win_64/winavr/bin/../lib/gcc/avr/4.3.3/avr5\libgcc.a(_ashldi3.o)
 .debug_aranges
                0x00000040       0x20 d:/avr/tools/sdk_win_64/sdk_win_64/winavr/bin/../lib/gcc/avr/4.3.3/avr5\libgcc.a(_fixunssfsi.o)
 .debug_aranges
                0x00000060       0x20 d:/avr/tools/sdk_win_64/sdk_win_64/winavr/bin/../lib/gcc/avr/4.3.3/avr5\libgcc.a(_addsub_sf.o)
 .debug_aranges
                0x00000080       0x20 d:/avr/tools/sdk_win_64/sdk_win_64/winavr/bin/../lib/gcc/avr/4.3.3/avr5\libgcc.a(_mul_sf.o)
 .debug_aranges
                0x000000a0       0x20 d:/avr/tools/sdk_win_64/sdk_win_64/winavr/bin/../lib/gcc/avr/4.3.3/avr5\libgcc.a(_gt_sf.o)
 .debug_aranges
                0x000000c0       0x20 d:/avr/tools/sdk_win_64/sdk_win_64/winavr/bin/../lib/gcc/avr/4.3.3/avr5\libgcc.a(_ge_sf.o)
 .debug_aranges
                0x000000e0       0x20 d:/avr/tools/sdk_win_64/sdk_win_64/winavr/bin/../lib/gcc/avr/4.3.3/avr5\libgcc.a(_lt_sf.o)
 .debug_aranges
                0x00000100       0x20 d:/avr/tools/sdk_win_64/sdk_win_64/winavr/bin/../lib/gcc/avr/4.3.3/avr5\libgcc.a(_sf_to_si.o)
 .debug_aranges
                0x00000120       0x20 d:/avr/tools/sdk_win_64/sdk_win_64/winavr/bin/../lib/gcc/avr/4.3.3/avr5\libgcc.a(_pack_sf.o)
 .debug_aranges
                0x00000140       0x20 d:/avr/tools/sdk_win_64/sdk_win_64/winavr/bin/../lib/gcc/avr/4.3.3/avr5\libgcc.a(_unpack_sf.o)
 .debug_aranges
                0x00000160       0x20 d:/avr/tools/sdk_win_64/sdk_win_64/winavr/bin/../lib/gcc/avr/4.3.3/avr5\libgcc.a(_fpcmp_parts_sf.o)

.debug_pubnames
                0x00000000      0x1b0
 *(.debug_pubnames)
 .debug_pubnames
                0x00000000       0x20 d:/avr/tools/sdk_win_64/sdk_win_64/winavr/bin/../lib/gcc/avr/4.3.3/avr5\libgcc.a(_lshrdi3.o)
 .debug_pubnames
                0x00000020       0x20 d:/avr/tools/sdk_win_64/sdk_win_64/winavr/bin/../lib/gcc/avr/4.3.3/avr5\libgcc.a(_ashldi3.o)
 .debug_pubnames
                0x00000040       0x23 d:/avr/tools/sdk_win_64/sdk_win_64/winavr/bin/../lib/gcc/avr/4.3.3/avr5\libgcc.a(_fixunssfsi.o)
 .debug_pubnames
                0x00000063       0x2c d:/avr/tools/sdk_win_64/sdk_win_64/winavr/bin/../lib/gcc/avr/4.3.3/avr5\libgcc.a(_addsub_sf.o)
 .debug_pubnames
                0x0000008f       0x1f d:/avr/tools/sdk_win_64/sdk_win_64/winavr/bin/../lib/gcc/avr/4.3.3/avr5\libgcc.a(_mul_sf.o)
 .debug_pubnames
                0x000000ae       0x1e d:/avr/tools/sdk_win_64/sdk_win_64/winavr/bin/../lib/gcc/avr/4.3.3/avr5\libgcc.a(_gt_sf.o)
 .debug_pubnames
                0x000000cc       0x1e d:/avr/tools/sdk_win_64/sdk_win_64/winavr/bin/../lib/gcc/avr/4.3.3/avr5\libgcc.a(_ge_sf.o)
 .debug_pubnames
                0x000000ea       0x1e d:/avr/tools/sdk_win_64/sdk_win_64/winavr/bin/../lib/gcc/avr/4.3.3/avr5\libgcc.a(_lt_sf.o)
 .debug_pubnames
                0x00000108       0x20 d:/avr/tools/sdk_win_64/sdk_win_64/winavr/bin/../lib/gcc/avr/4.3.3/avr5\libgcc.a(_sf_to_si.o)
 .debug_pubnames
                0x00000128       0x22 d:/avr/tools/sdk_win_64/sdk_win_64/winavr/bin/../lib/gcc/avr/4.3.3/avr5\libgcc.a(_thenan_sf.o)
 .debug_pubnames
                0x0000014a       0x1f d:/avr/tools/sdk_win_64/sdk_win_64/winavr/bin/../lib/gcc/avr/4.3.3/avr5\libgcc.a(_pack_sf.o)
 .debug_pubnames
                0x00000169       0x21 d:/avr/tools/sdk_win_64/sdk_win_64/winavr/bin/../lib/gcc/avr/4.3.3/avr5\libgcc.a(_unpack_sf.o)
 .debug_pubnames
                0x0000018a       0x26 d:/avr/tools/sdk_win_64/sdk_win_64/winavr/bin/../lib/gcc/avr/4.3.3/avr5\libgcc.a(_fpcmp_parts_sf.o)

.debug_info     0x00000000     0x1f47
 *(.debug_info)
 .debug_info    0x00000000      0x17f d:/avr/tools/sdk_win_64/sdk_win_64/winavr/bin/../lib/gcc/avr/4.3.3/avr5\libgcc.a(_lshrdi3.o)
 .debug_info    0x0000017f      0x17f d:/avr/tools/sdk_win_64/sdk_win_64/winavr/bin/../lib/gcc/avr/4.3.3/avr5\libgcc.a(_ashldi3.o)
 .debug_info    0x000002fe       0xb1 d:/avr/tools/sdk_win_64/sdk_win_64/winavr/bin/../lib/gcc/avr/4.3.3/avr5\libgcc.a(_fixunssfsi.o)
 .debug_info    0x000003af      0x47a d:/avr/tools/sdk_win_64/sdk_win_64/winavr/bin/../lib/gcc/avr/4.3.3/avr5\libgcc.a(_addsub_sf.o)
 .debug_info    0x00000829      0x485 d:/avr/tools/sdk_win_64/sdk_win_64/winavr/bin/../lib/gcc/avr/4.3.3/avr5\libgcc.a(_mul_sf.o)
 .debug_info    0x00000cae      0x27f d:/avr/tools/sdk_win_64/sdk_win_64/winavr/bin/../lib/gcc/avr/4.3.3/avr5\libgcc.a(_gt_sf.o)
 .debug_info    0x00000f2d      0x27f d:/avr/tools/sdk_win_64/sdk_win_64/winavr/bin/../lib/gcc/avr/4.3.3/avr5\libgcc.a(_ge_sf.o)
 .debug_info    0x000011ac      0x27f d:/avr/tools/sdk_win_64/sdk_win_64/winavr/bin/../lib/gcc/avr/4.3.3/avr5\libgcc.a(_lt_sf.o)
 .debug_info    0x0000142b      0x2b0 d:/avr/tools/sdk_win_64/sdk_win_64/winavr/bin/../lib/gcc/avr/4.3.3/avr5\libgcc.a(_sf_to_si.o)
 .debug_info    0x000016db      0x12c d:/avr/tools/sdk_win_64/sdk_win_64/winavr/bin/../lib/gcc/avr/4.3.3/avr5\libgcc.a(_thenan_sf.o)
 .debug_info    0x00001807      0x2df d:/avr/tools/sdk_win_64/sdk_win_64/winavr/bin/../lib/gcc/avr/4.3.3/avr5\libgcc.a(_pack_sf.o)
 .debug_info    0x00001ae6      0x251 d:/avr/tools/sdk_win_64/sdk_win_64/winavr/bin/../lib/gcc/avr/4.3.3/avr5\libgcc.a(_unpack_sf.o)
 .debug_info    0x00001d37      0x210 d:/avr/tools/sdk_win_64/sdk_win_64/winavr/bin/../lib/gcc/avr/4.3.3/avr5\libgcc.a(_fpcmp_parts_sf.o)
 *(.gnu.linkonce.wi.*)

.debug_abbrev   0x00000000     0x10c7
 *(.debug_abbrev)
 .debug_abbrev  0x00000000       0xee d:/avr/tools/sdk_win_64/sdk_win_64/winavr/bin/../lib/gcc/avr/4.3.3/avr5\libgcc.a(_lshrdi3.o)
 .debug_abbrev  0x000000ee       0xee d:/avr/tools/sdk_win_64/sdk_win_64/winavr/bin/../lib/gcc/avr/4.3.3/avr5\libgcc.a(_ashldi3.o)
 .debug_abbrev  0x000001dc       0x5d d:/avr/tools/sdk_win_64/sdk_win_64/winavr/bin/../lib/gcc/avr/4.3.3/avr5\libgcc.a(_fixunssfsi.o)
 .debug_abbrev  0x00000239      0x1ea d:/avr/tools/sdk_win_64/sdk_win_64/winavr/bin/../lib/gcc/avr/4.3.3/avr5\libgcc.a(_addsub_sf.o)
 .debug_abbrev  0x00000423      0x21b d:/avr/tools/sdk_win_64/sdk_win_64/winavr/bin/../lib/gcc/avr/4.3.3/avr5\libgcc.a(_mul_sf.o)
 .debug_abbrev  0x0000063e      0x15a d:/avr/tools/sdk_win_64/sdk_win_64/winavr/bin/../lib/gcc/avr/4.3.3/avr5\libgcc.a(_gt_sf.o)
 .debug_abbrev  0x00000798      0x15a d:/avr/tools/sdk_win_64/sdk_win_64/winavr/bin/../lib/gcc/avr/4.3.3/avr5\libgcc.a(_ge_sf.o)
 .debug_abbrev  0x000008f2      0x15a d:/avr/tools/sdk_win_64/sdk_win_64/winavr/bin/../lib/gcc/avr/4.3.3/avr5\libgcc.a(_lt_sf.o)
 .debug_abbrev  0x00000a4c      0x17f d:/avr/tools/sdk_win_64/sdk_win_64/winavr/bin/../lib/gcc/avr/4.3.3/avr5\libgcc.a(_sf_to_si.o)
 .debug_abbrev  0x00000bcb       0xad d:/avr/tools/sdk_win_64/sdk_win_64/winavr/bin/../lib/gcc/avr/4.3.3/avr5\libgcc.a(_thenan_sf.o)
 .debug_abbrev  0x00000c78      0x1c0 d:/avr/tools/sdk_win_64/sdk_win_64/winavr/bin/../lib/gcc/avr/4.3.3/avr5\libgcc.a(_pack_sf.o)
 .debug_abbrev  0x00000e38      0x154 d:/avr/tools/sdk_win_64/sdk_win_64/winavr/bin/../lib/gcc/avr/4.3.3/avr5\libgcc.a(_unpack_sf.o)
 .debug_abbrev  0x00000f8c      0x13b d:/avr/tools/sdk_win_64/sdk_win_64/winavr/bin/../lib/gcc/avr/4.3.3/avr5\libgcc.a(_fpcmp_parts_sf.o)

.debug_line     0x00000000      0xf5b
 *(.debug_line)
 .debug_line    0x00000000       0xd7 d:/avr/tools/sdk_win_64/sdk_win_64/winavr/bin/../lib/gcc/avr/4.3.3/avr5\libgcc.a(_lshrdi3.o)
 .debug_line    0x000000d7       0xd7 d:/avr/tools/sdk_win_64/sdk_win_64/winavr/bin/../lib/gcc/avr/4.3.3/avr5\libgcc.a(_ashldi3.o)
 .debug_line    0x000001ae       0xa7 d:/avr/tools/sdk_win_64/sdk_win_64/winavr/bin/../lib/gcc/avr/4.3.3/avr5\libgcc.a(_fixunssfsi.o)
 .debug_line    0x00000255      0x2af d:/avr/tools/sdk_win_64/sdk_win_64/winavr/bin/../lib/gcc/avr/4.3.3/avr5\libgcc.a(_addsub_sf.o)
 .debug_line    0x00000504      0x239 d:/avr/tools/sdk_win_64/sdk_win_64/winavr/bin/../lib/gcc/avr/4.3.3/avr5\libgcc.a(_mul_sf.o)
 .debug_line    0x0000073d       0xd3 d:/avr/tools/sdk_win_64/sdk_win_64/winavr/bin/../lib/gcc/avr/4.3.3/avr5\libgcc.a(_gt_sf.o)
 .debug_line    0x00000810       0xd3 d:/avr/tools/sdk_win_64/sdk_win_64/winavr/bin/../lib/gcc/avr/4.3.3/avr5\libgcc.a(_ge_sf.o)
 .debug_line    0x000008e3       0xd3 d:/avr/tools/sdk_win_64/sdk_win_64/winavr/bin/../lib/gcc/avr/4.3.3/avr5\libgcc.a(_lt_sf.o)
 .debug_line    0x000009b6      0x109 d:/avr/tools/sdk_win_64/sdk_win_64/winavr/bin/../lib/gcc/avr/4.3.3/avr5\libgcc.a(_sf_to_si.o)
 .debug_line    0x00000abf       0x90 d:/avr/tools/sdk_win_64/sdk_win_64/winavr/bin/../lib/gcc/avr/4.3.3/avr5\libgcc.a(_thenan_sf.o)
 .debug_line    0x00000b4f      0x18a d:/avr/tools/sdk_win_64/sdk_win_64/winavr/bin/../lib/gcc/avr/4.3.3/avr5\libgcc.a(_pack_sf.o)
 .debug_line    0x00000cd9      0x14b d:/avr/tools/sdk_win_64/sdk_win_64/winavr/bin/../lib/gcc/avr/4.3.3/avr5\libgcc.a(_unpack_sf.o)
 .debug_line    0x00000e24      0x137 d:/avr/tools/sdk_win_64/sdk_win_64/winavr/bin/../lib/gcc/avr/4.3.3/avr5\libgcc.a(_fpcmp_parts_sf.o)

.debug_frame    0x00000000      0x1a0
 *(.debug_frame)
 .debug_frame   0x00000000       0x20 d:/avr/tools/sdk_win_64/sdk_win_64/winavr/bin/../lib/gcc/avr/4.3.3/avr5\libgcc.a(_lshrdi3.o)
 .debug_frame   0x00000020       0x20 d:/avr/tools/sdk_win_64/sdk_win_64/winavr/bin/../lib/gcc/avr/4.3.3/avr5\libgcc.a(_ashldi3.o)
 .debug_frame   0x00000040       0x20 d:/avr/tools/sdk_win_64/sdk_win_64/winavr/bin/../lib/gcc/avr/4.3.3/avr5\libgcc.a(_fixunssfsi.o)
 .debug_frame   0x00000060       0x40 d:/avr/tools/sdk_win_64/sdk_win_64/winavr/bin/../lib/gcc/avr/4.3.3/avr5\libgcc.a(_addsub_sf.o)
 .debug_frame   0x000000a0       0x20 d:/avr/tools/sdk_win_64/sdk_win_64/winavr/bin/../lib/gcc/avr/4.3.3/avr5\libgcc.a(_mul_sf.o)
 .debug_frame   0x000000c0       0x20 d:/avr/tools/sdk_win_64/sdk_win_64/winavr/bin/../lib/gcc/avr/4.3.3/avr5\libgcc.a(_gt_sf.o)
 .debug_frame   0x000000e0       0x20 d:/avr/tools/sdk_win_64/sdk_win_64/winavr/bin/../lib/gcc/avr/4.3.3/avr5\libgcc.a(_ge_sf.o)
 .debug_frame   0x00000100       0x20 d:/avr/tools/sdk_win_64/sdk_win_64/winavr/bin/../lib/gcc/avr/4.3.3/avr5\libgcc.a(_lt_sf.o)
 .debug_frame   0x00000120       0x20 d:/avr/tools/sdk_win_64/sdk_win_64/winavr/bin/../lib/gcc/avr/4.3.3/avr5\libgcc.a(_sf_to_si.o)
 .debug_frame   0x00000140       0x20 d:/avr/tools/sdk_win_64/sdk_win_64/winavr/bin/../lib/gcc/avr/4.3.3/avr5\libgcc.a(_pack_sf.o)
 .debug_frame   0x00000160       0x20 d:/avr/tools/sdk_win_64/sdk_win_64/winavr/bin/../lib/gcc/avr/4.3.3/avr5\libgcc.a(_unpack_sf.o)
 .debug_frame   0x00000180       0x20 d:/avr/tools/sdk_win_64/sdk_win_64/winavr/bin/../lib/gcc/avr/4.3.3/avr5\libgcc.a(_fpcmp_parts_sf.o)

.debug_str      0x00000000      0x2d2
 *(.debug_str)
 .debug_str     0x00000000       0xe6 d:/avr/tools/sdk_win_64/sdk_win_64/winavr/bin/../lib/gcc/avr/4.3.3/avr5\libgcc.a(_lshrdi3.o)
                                0x131 (size before relaxing)
 .debug_str     0x000000e6        0xa d:/avr/tools/sdk_win_64/sdk_win_64/winavr/bin/../lib/gcc/avr/4.3.3/avr5\libgcc.a(_ashldi3.o)
                                0x131 (size before relaxing)
 .debug_str     0x000000f0       0x14 d:/avr/tools/sdk_win_64/sdk_win_64/winavr/bin/../lib/gcc/avr/4.3.3/avr5\libgcc.a(_fixunssfsi.o)
                                 0xfe (size before relaxing)
 .debug_str     0x00000104      0x14d d:/avr/tools/sdk_win_64/sdk_win_64/winavr/bin/../lib/gcc/avr/4.3.3/avr5\libgcc.a(_addsub_sf.o)
                                0x206 (size before relaxing)
 .debug_str     0x00000251       0x27 d:/avr/tools/sdk_win_64/sdk_win_64/winavr/bin/../lib/gcc/avr/4.3.3/avr5\libgcc.a(_mul_sf.o)
                                0x1bf (size before relaxing)
 .debug_str     0x00000278        0xf d:/avr/tools/sdk_win_64/sdk_win_64/winavr/bin/../lib/gcc/avr/4.3.3/avr5\libgcc.a(_gt_sf.o)
                                0x195 (size before relaxing)
 .debug_str     0x00000287        0x8 d:/avr/tools/sdk_win_64/sdk_win_64/winavr/bin/../lib/gcc/avr/4.3.3/avr5\libgcc.a(_ge_sf.o)
                                0x195 (size before relaxing)
 .debug_str     0x0000028f        0x8 d:/avr/tools/sdk_win_64/sdk_win_64/winavr/bin/../lib/gcc/avr/4.3.3/avr5\libgcc.a(_lt_sf.o)
                                0x195 (size before relaxing)
 .debug_str     0x00000297        0xa d:/avr/tools/sdk_win_64/sdk_win_64/winavr/bin/../lib/gcc/avr/4.3.3/avr5\libgcc.a(_sf_to_si.o)
                                0x19e (size before relaxing)
 .debug_str     0x00000000      0x103 d:/avr/tools/sdk_win_64/sdk_win_64/winavr/bin/../lib/gcc/avr/4.3.3/avr5\libgcc.a(_thenan_sf.o)
 .debug_str     0x000002a1       0x16 d:/avr/tools/sdk_win_64/sdk_win_64/winavr/bin/../lib/gcc/avr/4.3.3/avr5\libgcc.a(_pack_sf.o)
                                0x19d (size before relaxing)
 .debug_str     0x000002b7        0xb d:/avr/tools/sdk_win_64/sdk_win_64/winavr/bin/../lib/gcc/avr/4.3.3/avr5\libgcc.a(_unpack_sf.o)
                                0x17f (size before relaxing)
 .debug_str     0x000002c2       0x10 d:/avr/tools/sdk_win_64/sdk_win_64/winavr/bin/../lib/gcc/avr/4.3.3/avr5\libgcc.a(_fpcmp_parts_sf.o)
                                0x163 (size before relaxing)

.debug_loc      0x00000000      0x9be
 *(.debug_loc)
 .debug_loc     0x00000000       0xf8 d:/avr/tools/sdk_win_64/sdk_win_64/winavr/bin/../lib/gcc/avr/4.3.3/avr5\libgcc.a(_lshrdi3.o)
 .debug_loc     0x000000f8       0xf8 d:/avr/tools/sdk_win_64/sdk_win_64/winavr/bin/../lib/gcc/avr/4.3.3/avr5\libgcc.a(_ashldi3.o)
 .debug_loc     0x000001f0       0x34 d:/avr/tools/sdk_win_64/sdk_win_64/winavr/bin/../lib/gcc/avr/4.3.3/avr5\libgcc.a(_fixunssfsi.o)
 .debug_loc     0x00000224      0x32a d:/avr/tools/sdk_win_64/sdk_win_64/winavr/bin/../lib/gcc/avr/4.3.3/avr5\libgcc.a(_addsub_sf.o)
 .debug_loc     0x0000054e      0x104 d:/avr/tools/sdk_win_64/sdk_win_64/winavr/bin/../lib/gcc/avr/4.3.3/avr5\libgcc.a(_mul_sf.o)
 .debug_loc     0x00000652       0x3c d:/avr/tools/sdk_win_64/sdk_win_64/winavr/bin/../lib/gcc/avr/4.3.3/avr5\libgcc.a(_gt_sf.o)
 .debug_loc     0x0000068e       0x3c d:/avr/tools/sdk_win_64/sdk_win_64/winavr/bin/../lib/gcc/avr/4.3.3/avr5\libgcc.a(_ge_sf.o)
 .debug_loc     0x000006ca       0x3c d:/avr/tools/sdk_win_64/sdk_win_64/winavr/bin/../lib/gcc/avr/4.3.3/avr5\libgcc.a(_lt_sf.o)
 .debug_loc     0x00000706       0x7e d:/avr/tools/sdk_win_64/sdk_win_64/winavr/bin/../lib/gcc/avr/4.3.3/avr5\libgcc.a(_sf_to_si.o)
 .debug_loc     0x00000784      0x13e d:/avr/tools/sdk_win_64/sdk_win_64/winavr/bin/../lib/gcc/avr/4.3.3/avr5\libgcc.a(_pack_sf.o)
 .debug_loc     0x000008c2       0xac d:/avr/tools/sdk_win_64/sdk_win_64/winavr/bin/../lib/gcc/avr/4.3.3/avr5\libgcc.a(_unpack_sf.o)
 .debug_loc     0x0000096e       0x50 d:/avr/tools/sdk_win_64/sdk_win_64/winavr/bin/../lib/gcc/avr/4.3.3/avr5\libgcc.a(_fpcmp_parts_sf.o)

.debug_macinfo
 *(.debug_macinfo)
OUTPUT(PWM_Drawer.elf elf32-avr)
LOAD linker stubs

.debug_ranges   0x00000000       0x50
 .debug_ranges  0x00000000       0x50 d:/avr/tools/sdk_win_64/sdk_win_64/winavr/bin/../lib/gcc/avr/4.3.3/avr5\libgcc.a(_mul_sf.o)
